// Jest Snapshot v1, https://goo.gl/fbAQLP

exports[`Button render with snapshot 1`] = `
<DocumentFragment>
  <button
    data-testid="btn-send"
    name="send"
    type="submit"
  >
    <img
      alt="Отправить сообщение"
      src=""
    />
  </button>
</DocumentFragment>
`;
